// Jest Snapshot v1, https://goo.gl/fbAQLP

exports[`SeedUtil encipher it succeeds with 24 words, no aezeed password 1`] = `
"00738860374692022c462027a35aaaef3c3289aa0a057e2600000000002cad2e2b
"
`;

exports[`SeedUtil encipher it succeeds with 24 words, valid aezeed password 1`] = `
"00a71642b0ace8f523a977950005c71220ea460b423a0a9f000000000079ef937c
"
`;
